write to stderr: 1
write to stdout
error!: Cannot allocate memory
write to stderr 2write to stdout 2

more on stderr
stderr ...
more on stdout
x
