argv[0] = |./example_exec|
environ[0] = |COLORED_STDERR_PRIVATE_FDS=2,|


CHECKING COLORING.

argv[0] = |./example_exec|
environ[0] = |COLORED_STDERR_PRIVATE_FDS=2,3,|

argv[0] = |./example_exec|
environ[0] = |COLORED_STDERR_PRIVATE_FDS=2,3,4,|

argv[0] = |./example_exec|
environ[0] = |COLORED_STDERR_PRIVATE_FDS=2,3,4,5,|

argv[0] = |./example_exec|
environ[0] = |COLORED_STDERR_PRIVATE_FDS=2,3,4,5,6,|

argv[0] = |./example_exec|
environ[0] = |COLORED_STDERR_PRIVATE_FDS=2,3,4,7,|

argv[0] = |./example_exec|
environ[0] = |COLORED_STDERR_PRIVATE_FDS=2,3,8,|

argv[0] = |./example_exec|
environ[0] = |COLORED_STDERR_FDS=5,|
environ[1] = |COLORED_STDERR_PRIVATE_FDS=2,5,|

argv[0] = |./example_exec|
environ[0] = |COLORED_STDERR_PRIVATE_FDS=6,|

argv[0] = |./example_exec|
environ[0] = |COLORED_STDERR_FDS=2,|
environ[1] = |COLORED_STDERR_PRIVATE_FDS=|


CHECKING TRANSPARENCY.

argv[0] = |./example_exec|
environ[0] = |COLORED_STDERR_PRIVATE_FDS=2,|

argv[0] = |./example_exec|
environ[0] = |COLORED_STDERR_PRIVATE_FDS=2,|
environ[1] = |TEST=42|

argv[0] = |./example_exec|
argv[1] = |foo|
argv[2] = |bar|
environ[0] = |COLORED_STDERR_PRIVATE_FDS=2,|
environ[1] = |FOO=|
environ[2] = |TEST=43|

argv[0] = |./example_exec|
environ[0] = |COLORED_STDERR_PRIVATE_FDS=2,|
environ[1] = |FOO=|
environ[2] = |TEST=44|

argv[0] = |./example_exec|
argv[1] = |foo|
argv[2] = |bar|
environ[0] = |COLORED_STDERR_PRIVATE_FDS=2,|
environ[1] = |FOO=|
environ[2] = |TEST=45|

argv[0] = |./example_exec|
environ[0] = |COLORED_STDERR_PRIVATE_FDS=2,|
environ[1] = |FOO=|
environ[2] = |TEST=46|

argv[0] = |./example_exec|
argv[1] = |foo|
argv[2] = |bar|
environ[0] = |COLORED_STDERR_PRIVATE_FDS=2,|
environ[1] = |FOO=|
environ[2] = |TEST=47|

argv[0] = |./example_exec|
environ[0] = |COLORED_STDERR_PRIVATE_FDS=2,|

argv[0] = |./example_exec|
environ[0] = |COLORED_STDERR_PRIVATE_FDS=2,|
environ[1] = |TEST=48|

argv[0] = |./example_exec|
argv[1] = |foo|
argv[2] = |bar|
environ[0] = |COLORED_STDERR_PRIVATE_FDS=2,|
environ[1] = |FOO=|
environ[2] = |TEST=49|

argv[0] = |./example_exec|
environ[0] = |COLORED_STDERR_PRIVATE_FDS=2,|
environ[1] = |FOO=|
environ[2] = |TEST=50|

argv[0] = |./example_exec|
argv[1] = |foo|
argv[2] = |bar|
environ[0] = |COLORED_STDERR_PRIVATE_FDS=2,|
environ[1] = |FOO=|
environ[2] = |TEST=51|

argv[0] = |./example_exec|
environ[0] = |COLORED_STDERR_PRIVATE_FDS=2,|
environ[1] = |FOO=|
environ[2] = |TEST=52|

argv[0] = |./example_exec|
argv[1] = |foo|
argv[2] = |bar|
environ[0] = |COLORED_STDERR_PRIVATE_FDS=2,|
environ[1] = |FOO=|
environ[2] = |TEST=53|

argv[0] = |./example_exec|
environ[0] = |COLORED_STDERR_PRIVATE_FDS=2,|
environ[1] = |TEST=54|

argv[0] = |./example_exec|
argv[1] = |foo|
argv[2] = |bar|
environ[0] = |COLORED_STDERR_PRIVATE_FDS=2,|
environ[1] = |TEST=55|

Done.
EOF
