write to stdout
write to stderr
write to stdout without newlinewrite to stderr without newlineEOF
