>stderr>Before vfork().
<stderr<>stderr>After vfork().
<stderr<
