write to stdout
>STDERR>write to stderr
<STDERR<write to stdout without newline>STDERR>write to stderr without newline<STDERR<