write to stdout
>stderr>write<stderr<>stderr> <stderr<>stderr>to<stderr<>stderr> <stderr<>stderr>stderr<stderr<>stderr>
<stderr<write to stdout without newline>stderr>write to stderr without newline<stderr<